docker-compose : time="2026-01-30T14:36:00-05:00" level=warning msg="Found orphan containers ([backend-functional-tests-run-e43fa6545206]) for this project. 
If you removed or renamed this service in your compose file, you can run this command with the --remove-orphans flag to clean it up."
At line:1 char:43
+ ... ll\backend; docker-compose run --rm functional-tests 2>&1 > test-resu ...
+                 ~~~~~~~~~~~~~~~~~~~~~~~~~~~~~~~~~~~~~~~~~~~~~~~~~~~~~~~~~
    + CategoryInfo          : NotSpecified: (time="2026-01-3...o clean it up.":String) [], RemoteException
    + FullyQualifiedErrorId : NativeCommandError
 
 Container bugdrill-postgres  Running
 Container bugdrill-executor  Running
 Container bugdrill-redis  Running
 Container bugdrill-dev  Running
 Container bugdrill-executor  Waiting
 Container bugdrill-postgres  Waiting
 Container bugdrill-redis  Waiting
 Container bugdrill-redis  Healthy
 Container bugdrill-postgres  Healthy
 Container bugdrill-executor  Healthy
